[backblue.gif]
[fade.gif]
[index.html]
[assets.myregisteredsite.com/javascript/com/jquery/latest/jquery.js]
[16935736.sites.myregisteredsite.com/files/117024102.png]
[larsonsphotography.biz/scripts/browserBehavior.js]
[larsonsphotography.biz/scripts/utils.js]
[assets.myregisteredsite.com/javascript/com/web/useragent/shared.js]
[larsonsphotography.biz/scripts/navigation.js]
[larsonsphotography.biz/scripts/popup.js]
[assets.myregisteredsite.com/javascript/com/web/ResourceLoader.js]
[larsonsphotography.biz/image/118367802.png]
[larsonsphotography.biz/image/118292068.png]
[larsonsphotography.biz/files/118292068.png]
[larsonsphotography.biz/files/118293011.jpg]
[larsonsphotography.biz/image/118293390.jpg]
[larsonsphotography.biz/files/118293390.jpg]
[larsonsphotography.biz/image/118293391.jpg]
[larsonsphotography.biz/files/118293391.jpg]
[larsonsphotography.biz/image/118293392.jpg]
[larsonsphotography.biz/files/118293392.jpg]
[larsonsphotography.biz/files/118293790.jpg]
[larsonsphotography.biz/image/118294207.png]
[larsonsphotography.biz/files/118294207.png]
[larsonsphotography.biz/files/118294545.jpg]
[larsonsphotography.biz/image/118296757.png]
[larsonsphotography.biz/files/118296757.png]
[larsonsphotography.biz/image/118298813.png]
[larsonsphotography.biz/files/118298813.png]
[assets.myregisteredsite.com/javascript/copyright/webcom_copyright_kw.js]
[larsonsphotography.biz/index.html]
[larsonsphotography.biz/scripts/blank.html]
[larsonsphotography.biz/files/118293013.jpg]
[larsonsphotography.biz/image/118297064.png]
[larsonsphotography.biz/files/118297064.png]
[larsonsphotography.biz/Portrait-Photography.html]
[larsonsphotography.biz/files/118292215.jpg]
[larsonsphotography.biz/files/118298341.jpg]
[larsonsphotography.biz/image/118297873.png]
[larsonsphotography.biz/files/118297873.png]
[larsonsphotography.biz/files/118298336.jpg]
[larsonsphotography.biz/image/118297875.png]
[larsonsphotography.biz/files/118297875.png]
[larsonsphotography.biz/files/118298347.jpg]
[larsonsphotography.biz/image/118297876.png]
[larsonsphotography.biz/files/118297876.png]
[larsonsphotography.biz/files/118298348.jpg]
[larsonsphotography.biz/image/118297877.png]
[larsonsphotography.biz/files/118297877.png]
[larsonsphotography.biz/Wedding-Photography.html]
[larsonsphotography.biz/files/118293010.jpg]
[larsonsphotography.biz/image/118297147.png]
[larsonsphotography.biz/files/118297147.png]
[larsonsphotography.biz/Commercial-Photography.html]
[larsonsphotography.biz/files/118293015.jpg]
[larsonsphotography.biz/Testimonials.html]
[larsonsphotography.biz/files/118307959.jpg]
[larsonsphotography.biz/Contact.html]
[assets.myregisteredsite.com/images/shared/button/btn_left.gif]
[assets.myregisteredsite.com/images/shared/button/btn_right.gif]
[assets.myregisteredsite.com/images/shared/button/btn_middle.gif]
[assets.myregisteredsite.com/css/button.css]
[assets.myregisteredsite.com/css/uaDefaultStylesReset.css]
[larsonsphotography.biz/scripts/blank.html]
[larsonsphotography.biz/Portrait-Photography.html]
[larsonsphotography.biz/files/118293011.jpg]
[larsonsphotography.biz/files/118293790.jpg]
[larsonsphotography.biz/files/118292215.jpg]
[larsonsphotography.biz/files/118298341.jpg]
[larsonsphotography.biz/files/118298336.jpg]
[larsonsphotography.biz/files/118298347.jpg]
[assets.myregisteredsite.com/images/googlefonts/Google_30x10.png]
[assets.myregisteredsite.com/css/googleFonts.css]
[larsonsphotography.biz/files/118298348.jpg]
[larsonsphotography.biz/files/118293015.jpg]
[larsonsphotography.biz/files/118292215.jpg]
[larsonsphotography.biz/files/118298341.jpg]
[larsonsphotography.biz/files/118298336.jpg]
[larsonsphotography.biz/files/118298347.jpg]
[larsonsphotography.biz/files/118298348.jpg]
